[typhoonflux.tothong.com/index.html]
[backblue.gif]
[fade.gif]
[index.html]
[typhoonflux.tothong.com/wp-content/themes/twentyeleven/style.css]
[typhoonflux.tothong.com/wp-content/plugins/jetpack/css/jetpackf3c8.css]
[typhoonflux.tothong.com/wp-content/plugins/awesome-flickr-gallery-plugin/colorbox/colorboxc1f9.css]
[typhoonflux.tothong.com/wp-content/plugins/awesome-flickr-gallery-plugin/afgc1f9.css]
[typhoonflux.tothong.com/feed/index.html]
[typhoonflux.tothong.com/comments/feed/index.html]
[typhoonflux.tothong.com/wp-content/plugins/dropdown-menu-widget/scripts/includec1f9.js]
[typhoonflux.tothong.com/wp-includes/js/jquery/jquery-migrate.min1576.js]
[typhoonflux.tothong.com/wp-content/plugins/awesome-flickr-gallery-plugin/colorbox/jquery.colorbox-minc1f9.js]
[typhoonflux.tothong.com/wp-content/plugins/awesome-flickr-gallery-plugin/colorbox/mycolorboxc1f9.js]
[typhoonflux.tothong.com/wp-includes/js/jquery/jqueryc1d8.js]
[typhoonflux.tothong.com/xmlrpc0db0.php]
[typhoonflux.tothong.com/wp-json/index.html]
[typhoonflux.tothong.com/wp-includes/wlwmanifest.xml]
[typhoonflux.tothong.com/wp-content/plugins/dropdown-menu-widget/css/shailan-dropdown.min.css]
[typhoonflux.tothong.com/wp-content/plugins/vipers-video-quicktags/resources/expressinstall.swf]
[typhoonflux.tothong.com/wp-content/uploads/2011/10/cropped-20110715-_DSC0088-copy.jpg]
[typhoonflux.tothong.com/wp-content/uploads/2011/10/highlinein2007.jpg]
[typhoonflux.tothong.com/wp-content/uploads/2011/10/highline_new.jpg]
[typhoonflux.tothong.com/phase-1-documentation/index.html]
[farm7.staticflickr.com/6113/6280680399_8608edfc93_b.jpg]
[typhoonflux.tothong.com/phase-ii/index.html]
[farm7.static.flickr.com/6113/6280680399_8608edfc93.jpg]
[typhoonflux.tothong.com/phase-3/index.html]
[typhoonflux.tothong.com/_http_/www.flickr.com/photos/61591647@N07/6280680399/_]
[typhoonflux.tothong.com/final-phase/index.html]
[typhoonflux.tothong.com/_http_/www.flickr.com/photos/61591647@N07/6280680399/_.14.delayed]
[typhoonflux.tothong.com/author/admin/index.html]
[typhoonflux.tothong.com/phase-1/index.html]
[farm7.staticflickr.com/6225/6281210464_72723027b0_b.jpg]
[typhoonflux.tothong.com/_http_/www.flickr.com/photos/61591647@N07/6281210464/_]
[typhoonflux.tothong.com/_http_/www.flickr.com/photos/61591647@N07/6281210464/_]
[farm7.staticflickr.com/6056/6280829219_fb93061a43_b.jpg]
[typhoonflux.tothong.com/_http_/www.flickr.com/photos/61591647@N07/6280829219/_]
[typhoonflux.tothong.com/_http_/www.flickr.com/photos/61591647@N07/6280829219/_]
[farm7.staticflickr.com/6091/6280825407_1ab1660441_b.jpg]
[typhoonflux.tothong.com/_http_/www.flickr.com/photos/61591647@N07/6280825407/_]
[typhoonflux.tothong.com/_http_/www.flickr.com/photos/61591647@N07/6280825407/_]
[farm7.staticflickr.com/6096/6280798117_8c21e00406_b.jpg]
[typhoonflux.tothong.com/_http_/www.flickr.com/photos/61591647@N07/6280798117/_]
[typhoonflux.tothong.com/_http_/www.flickr.com/photos/61591647@N07/6280798117/_]
[typhoonflux.tothong.com/wp-content/uploads/2011/10/A8.jpg]
[typhoonflux.tothong.com/indexeecc.html]
[typhoonflux.tothong.com/wp-content/uploads/2011/10/A8-150x150.jpg]
[typhoonflux.tothong.com/indexd11f.html]
[typhoonflux.tothong.com/wp-content/uploads/2011/10/A9.jpg]
[typhoonflux.tothong.com/index80aa.html]
[typhoonflux.tothong.com/wp-content/uploads/2011/10/A9-150x150.jpg]
[typhoonflux.tothong.com/index2ab8.html]
[typhoonflux.tothong.com/wp-content/uploads/2011/10/A10.jpg]
[typhoonflux.tothong.com/wp-content/uploads/2011/10/A10-150x150.jpg]
[typhoonflux.tothong.com/wp-content/uploads/2011/10/A11.jpg]
[typhoonflux.tothong.com/wp-content/uploads/2011/10/A11-150x150.jpg]
[typhoonflux.tothong.com/wp-content/uploads/2011/10/A12.jpg]
[typhoonflux.tothong.com/wp-content/uploads/2011/10/A12-150x150.jpg]
[typhoonflux.tothong.com/wp-content/uploads/2011/10/P1.jpg]
[typhoonflux.tothong.com/wp-content/uploads/2011/10/P1-150x150.jpg]
[typhoonflux.tothong.com/wp-content/uploads/2011/10/P2.jpg]
[typhoonflux.tothong.com/wp-content/uploads/2011/10/P2-150x150.jpg]
[typhoonflux.tothong.com/wp-content/uploads/2011/10/P3.jpg]
[typhoonflux.tothong.com/wp-content/uploads/2011/10/P3-150x150.jpg]
[typhoonflux.tothong.com/wp-content/uploads/2011/10/P4.jpg]
[typhoonflux.tothong.com/wp-content/uploads/2011/10/P4-150x150.jpg]
[typhoonflux.tothong.com/wp-content/uploads/2011/10/P5.jpg]
[typhoonflux.tothong.com/wp-content/uploads/2011/10/P5-150x150.jpg]
[typhoonflux.tothong.com/wp-content/uploads/2011/10/P6.jpg]
[typhoonflux.tothong.com/wp-content/uploads/2011/10/P6-150x150.jpg]
[typhoonflux.tothong.com/wp-content/uploads/2011/10/P6.30.jpg]
[typhoonflux.tothong.com/wp-content/uploads/2011/10/P6.30-150x150.jpg]
[typhoonflux.tothong.com/wp-content/uploads/2011/10/P7.jpg]
[typhoonflux.tothong.com/wp-content/uploads/2011/10/P7-150x150.jpg]
[typhoonflux.tothong.com/wp-content/uploads/2011/10/P8.jpg]
[typhoonflux.tothong.com/wp-content/uploads/2011/10/P8-150x150.jpg]
[typhoonflux.tothong.com/wp-content/uploads/2011/10/P9.jpg]
[typhoonflux.tothong.com/wp-content/uploads/2011/10/P9-150x150.jpg]
[typhoonflux.tothong.com/wp-content/uploads/2011/10/P10.jpg]
[typhoonflux.tothong.com/wp-content/uploads/2011/10/P10-150x150.jpg]
[typhoonflux.tothong.com/files/phase1timelapse.ogg]
[typhoonflux.tothong.com/wp-content/uploads/2011/10/LOGO.png]
[typhoonflux.tothong.com/wp-content/uploads/2011/10/LOGO-150x150.png]
[typhoonflux.tothong.com/wp-content/uploads/2011/10/logosmall.png]
[typhoonflux.tothong.com/wp-includes/js/hoverIntent.minc245.js]
[typhoonflux.tothong.com/category/portfolio/index.html]
[s0.wp.com/wp-content/js/devicepx-jetpack3467.js]
[s.gravatar.com/js/gprofiles1554.js]
[typhoonflux.tothong.com/wp-content/plugins/jetpack/modules/wpgrohoc1f9.js]
[typhoonflux.tothong.com/wp-includes/js/wp-embed.minc1f9.js]
[stats.wp.com/e-201627.js]
[typhoonflux.tothong.com/index.html]
[typhoonflux.tothong.com/wp-content/themes/twentyeleven/images/search.png]
[typhoonflux.tothong.com/wp-content/themes/twentyeleven/images/comment-bubble.png]
[typhoonflux.tothong.com/wp-content/themes/twentyeleven/images/comment-arrow.png]
[typhoonflux.tothong.com/wp-content/themes/twentyeleven/images/comment-arrow-bypostauthor.png]
[typhoonflux.tothong.com/wp-content/themes/twentyeleven/style.css]
[typhoonflux.tothong.com/xmlrpc.php]
[typhoonflux.tothong.com/comments/feed/index.html]
[typhoonflux.tothong.com/wp-content/plugins/jetpack/modules/carousel/images/arrows.png]
[typhoonflux.tothong.com/wp-content/plugins/jetpack/modules/carousel/images/arrows-2x.png]
[typhoonflux.tothong.com/wp-content/plugins/jetpack/modules/carousel/images/carousel-spritee4da.png]
[typhoonflux.tothong.com/wp-content/plugins/jetpack/modules/carousel/images/carousel-sprite-2xe4da.png]
[typhoonflux.tothong.com/wp-content/plugins/jetpack/modules/shortcodes/img/slideshow-controls.png]
[typhoonflux.tothong.com/wp-content/plugins/jetpack/modules/shortcodes/img/slideshow-controls-2x.png]
[typhoonflux.tothong.com/wp-content/plugins/jetpack/modules/shortcodes/images/slide-nav.png]
[typhoonflux.tothong.com/wp-content/plugins/jetpack/modules/shortcodes/images/expand.png]
[typhoonflux.tothong.com/wp-content/plugins/jetpack/modules/shortcodes/images/collapse.png]
[0.gravatar.com/images/grav-share-sprite.png]
[typhoonflux.tothong.com/wp-content/plugins/jetpack/css/jetpackf3c8.css]
[typhoonflux.tothong.com/wp-content/plugins/awesome-flickr-gallery-plugin/colorbox/images/overlay.png]
[typhoonflux.tothong.com/wp-content/plugins/awesome-flickr-gallery-plugin/colorbox/images/controls.png]
[typhoonflux.tothong.com/wp-content/plugins/awesome-flickr-gallery-plugin/colorbox/images/border.png]
[typhoonflux.tothong.com/wp-content/plugins/awesome-flickr-gallery-plugin/colorbox/images/loading_background.png]
[typhoonflux.tothong.com/wp-content/plugins/awesome-flickr-gallery-plugin/colorbox/images/loading.gif]
[typhoonflux.tothong.com/wp-content/plugins/awesome-flickr-gallery-plugin/colorbox/images/ie6/borderTopLeft.png]
[typhoonflux.tothong.com/wp-content/plugins/awesome-flickr-gallery-plugin/colorbox/images/ie6/borderTopCenter.png]
[typhoonflux.tothong.com/wp-content/plugins/awesome-flickr-gallery-plugin/colorbox/images/ie6/borderTopRight.png]
[typhoonflux.tothong.com/wp-content/plugins/awesome-flickr-gallery-plugin/colorbox/images/ie6/borderBottomLeft.png]
[typhoonflux.tothong.com/wp-content/plugins/awesome-flickr-gallery-plugin/colorbox/images/ie6/borderBottomCenter.png]
[typhoonflux.tothong.com/wp-content/plugins/awesome-flickr-gallery-plugin/colorbox/images/ie6/borderBottomRight.png]
[typhoonflux.tothong.com/wp-content/plugins/awesome-flickr-gallery-plugin/colorbox/images/ie6/borderMiddleLeft.png]
[typhoonflux.tothong.com/wp-content/plugins/awesome-flickr-gallery-plugin/colorbox/images/ie6/borderMiddleRight.png]
[typhoonflux.tothong.com/wp-content/plugins/awesome-flickr-gallery-plugin/colorbox/colorboxc1f9.css]
[typhoonflux.tothong.com/wp-content/plugins/awesome-flickr-gallery-plugin/afgc1f9.css]
[typhoonflux.tothong.com/wp-json/index.html]
[typhoonflux.tothong.com/wp-content/plugins/dropdown-menu-widget/css/shailan-dropdown.min.css]
[typhoonflux.tothong.com/wp-json/oembed/1.0/embed674d]
[typhoonflux.tothong.com/wp-json/oembed/1.0/embed752d]
[typhoonflux.tothong.com/wp-content/uploads/2011/10/cropped-20110715-_DSC0087-copy.jpg]
[typhoonflux.tothong.com/phase-1-documentation/_http_/www.flickr.com/photos/61591647@N07/6280680399/_.6a.delayed]
[typhoonflux.tothong.com/phase-1-documentation/_http_/www.flickr.com/photos/61591647@N07/6280680399/_]
[typhoonflux.tothong.com/phase-1-documentation/_http_/www.flickr.com/photos/61591647@N07/6281210464/_]
[typhoonflux.tothong.com/phase-1-documentation/_http_/www.flickr.com/photos/61591647@N07/6281210464/_]
[typhoonflux.tothong.com/phase-1-documentation/_http_/www.flickr.com/photos/61591647@N07/6280829219/_]
[typhoonflux.tothong.com/phase-1-documentation/_http_/www.flickr.com/photos/61591647@N07/6280829219/_]
[typhoonflux.tothong.com/phase-1-documentation/_http_/www.flickr.com/photos/61591647@N07/6280825407/_]
[typhoonflux.tothong.com/phase-1-documentation/_http_/www.flickr.com/photos/61591647@N07/6280825407/_]
[typhoonflux.tothong.com/phase-1-documentation/_http_/www.flickr.com/photos/61591647@N07/6280798117/_]
[typhoonflux.tothong.com/phase-1-documentation/_http_/www.flickr.com/photos/61591647@N07/6280798117/_]
[typhoonflux.tothong.com/phase-1-documentation/index.html]
[typhoonflux.tothong.com/phase-1-documentation/indexeecc.html]
[typhoonflux.tothong.com/phase-1-documentation/indexd11f.html]
[typhoonflux.tothong.com/phase-1-documentation/index80aa.html]
[typhoonflux.tothong.com/wp-json/oembed/1.0/embed6fb2]
[typhoonflux.tothong.com/phase-1-documentation/index2ab8.html]
[typhoonflux.tothong.com/wp-json/oembed/1.0/embed1b42]
[typhoonflux.tothong.com/wp-content/uploads/2011/10/cropped-20110715-_DSC0086-copy.jpg]
[typhoonflux.tothong.com/wp-content/uploads/2011/10/diagram1.jpg]
[typhoonflux.tothong.com/wp-content/uploads/2011/10/greenone.png]
[typhoonflux.tothong.com/wp-content/uploads/2011/10/greenone-1024x574.png]
[typhoonflux.tothong.com/wp-content/uploads/2011/10/tive1.png]
[typhoonflux.tothong.com/wp-content/uploads/2011/10/niagrafalls.mp3]
[typhoonflux.tothong.com/wp-content/uploads/2011/10/wind_trees.mp3]
[typhoonflux.tothong.com/wp-content/uploads/2011/10/scene2.png]
[typhoonflux.tothong.com/wp-content/uploads/2011/10/trains004.wav]
[typhoonflux.tothong.com/wp-content/uploads/2011/10/trains007.wav]
[typhoonflux.tothong.com/wp-content/uploads/2011/10/Title.jpg]
[typhoonflux.tothong.com/wp-content/uploads/2011/10/example.jpg]
[typhoonflux.tothong.com/wp-content/uploads/2011/10/example3.jpg]
[typhoonflux.tothong.com/wp-content/uploads/2011/10/LED-Throwies1.jpg]
[typhoonflux.tothong.com/wp-content/uploads/2011/10/night.jpg]
[typhoonflux.tothong.com/phase-ii/index.html]
[typhoonflux.tothong.com/wp-json/oembed/1.0/embed92cb]
[typhoonflux.tothong.com/wp-json/oembed/1.0/embedfee2]
[typhoonflux.tothong.com/wp-content/uploads/2011/10/one_way.jpg]
[typhoonflux.tothong.com/wp-content/uploads/2011/10/one_way-1024x324.jpg]
[typhoonflux.tothong.com/wp-content/uploads/2011/10/two_way-1024x400.jpg]
[typhoonflux.tothong.com/wp-content/uploads/2011/10/concept-1024x768.jpg]
[typhoonflux.tothong.com/wp-content/uploads/2011/10/RPS_icon.png]
[typhoonflux.tothong.com/wp-content/uploads/2011/10/interation_1_1.jpg]
[typhoonflux.tothong.com/wp-content/uploads/2011/10/iteration_1_2.jpg]
[typhoonflux.tothong.com/wp-content/uploads/2011/10/iteration_1_2-784x1024.jpg]
[typhoonflux.tothong.com/wp-content/uploads/2011/10/2nditeration.jpg]
[typhoonflux.tothong.com/wp-content/uploads/2011/10/2nditeration-1024x783.jpg]
[typhoonflux.tothong.com/wp-content/uploads/2011/10/interation_2_1.jpg]
[typhoonflux.tothong.com/wp-content/uploads/2011/10/presentation_web.pdf]
[typhoonflux.tothong.com/wp-content/uploads/2011/10/iteration_3-1024x480.jpg]
[typhoonflux.tothong.com/wp-content/uploads/2011/10/interation_3_1.jpg]
[typhoonflux.tothong.com/wp-content/uploads/2011/10/interation_3_1-943x1024.jpg]
[typhoonflux.tothong.com/wp-content/uploads/2011/10/iteration_4_1.jpg]
[typhoonflux.tothong.com/wp-content/uploads/2011/10/iteration_4_1-1024x738.jpg]
[typhoonflux.tothong.com/wp-content/uploads/2011/10/iteration_4_2.jpg]
[typhoonflux.tothong.com/wp-content/uploads/2011/10/iteration_4_2-1024x530.jpg]
[typhoonflux.tothong.com/wp-content/uploads/2011/10/iteration_4_3.jpg]
[typhoonflux.tothong.com/phase-3/index.html]
[typhoonflux.tothong.com/wp-json/oembed/1.0/embed.9fc221.delayed]
[typhoonflux.tothong.com/wp-json/oembed/1.0/embed0129]
[typhoonflux.tothong.com/wp-content/uploads/2011/10/cropped-20111023-_DSC0015.jpg]
[typhoonflux.tothong.com/wp-content/uploads/2011/11/countdown-1024x805.jpg]
[typhoonflux.tothong.com/wp-content/uploads/2011/11/hand_icons.jpg]
[typhoonflux.tothong.com/wp-content/uploads/2011/11/hand_icons-652x1024.jpg]
[typhoonflux.tothong.com/wp-content/uploads/2011/11/gameplay-1024x683.jpg]
[typhoonflux.tothong.com/final-phase/index.html]
[typhoonflux.tothong.com/wp-json/oembed/1.0/embed1fec]
[typhoonflux.tothong.com/wp-json/oembed/1.0/embed0def]
[typhoonflux.tothong.com/phase-1/_http_/www.flickr.com/photos/61591647@N07/6280680399/_]
[typhoonflux.tothong.com/phase-1/_http_/www.flickr.com/photos/61591647@N07/6280680399/_]
[typhoonflux.tothong.com/phase-1/_http_/www.flickr.com/photos/61591647@N07/6281210464/_]
[typhoonflux.tothong.com/phase-1/_http_/www.flickr.com/photos/61591647@N07/6281210464/_]
[typhoonflux.tothong.com/phase-1/_http_/www.flickr.com/photos/61591647@N07/6280829219/_]
[typhoonflux.tothong.com/phase-1/_http_/www.flickr.com/photos/61591647@N07/6280829219/_]
[typhoonflux.tothong.com/phase-1/_http_/www.flickr.com/photos/61591647@N07/6280825407/_]
[typhoonflux.tothong.com/phase-1/_http_/www.flickr.com/photos/61591647@N07/6280825407/_]
[typhoonflux.tothong.com/phase-1/_http_/www.flickr.com/photos/61591647@N07/6280798117/_]
[typhoonflux.tothong.com/phase-1/_http_/www.flickr.com/photos/61591647@N07/6280798117/_]
[typhoonflux.tothong.com/phase-1/index.html]
[typhoonflux.tothong.com/phase-1/indexeecc.html]
[typhoonflux.tothong.com/phase-1/indexd11f.html]
[typhoonflux.tothong.com/phase-1/index80aa.html]
[typhoonflux.tothong.com/author/admin/_http_/www.flickr.com/photos/61591647@N07/6280680399/_]
[typhoonflux.tothong.com/phase-1/index2ab8.html]
[typhoonflux.tothong.com/author/admin/feed/index.html]
[typhoonflux.tothong.com/author/admin/_http_/www.flickr.com/photos/61591647@N07/6280680399/_]
[typhoonflux.tothong.com/author/admin/_http_/www.flickr.com/photos/61591647@N07/6281210464/_]
[typhoonflux.tothong.com/author/admin/_http_/www.flickr.com/photos/61591647@N07/6281210464/_]
[typhoonflux.tothong.com/author/admin/_http_/www.flickr.com/photos/61591647@N07/6280829219/_]
[typhoonflux.tothong.com/author/admin/_http_/www.flickr.com/photos/61591647@N07/6280829219/_]
[typhoonflux.tothong.com/author/admin/_http_/www.flickr.com/photos/61591647@N07/6280825407/_]
[typhoonflux.tothong.com/author/admin/_http_/www.flickr.com/photos/61591647@N07/6280825407/_]
[typhoonflux.tothong.com/author/admin/_http_/www.flickr.com/photos/61591647@N07/6280798117/_]
[typhoonflux.tothong.com/author/admin/_http_/www.flickr.com/photos/61591647@N07/6280798117/_]
[typhoonflux.tothong.com/author/admin/index.html]
[typhoonflux.tothong.com/author/admin/indexeecc.html]
[typhoonflux.tothong.com/_http_/www.flickr.com/photos/61591647@N07/6280680399/_.html]
[typhoonflux.tothong.com/author/admin/index80aa.html]
[typhoonflux.tothong.com/_http_/www.flickr.com/photos/61591647@N07/6281210464/_.html]
[typhoonflux.tothong.com/_http_/www.flickr.com/photos/61591647@N07/6280829219/_.html]
[typhoonflux.tothong.com/_http_/www.flickr.com/photos/61591647@N07/6280825407/_.html]
[typhoonflux.tothong.com/_http_/www.flickr.com/photos/61591647@N07/6280798117/_.html]
[typhoonflux.tothong.com/author/admin/indexd11f.html]
[farm7.static.flickr.com/6225/6281210464_72723027b0.jpg]
[typhoonflux.tothong.com/indexeecc.html]
[typhoonflux.tothong.com/author/admin/index2ab8.html]
[farm7.static.flickr.com/6056/6280829219_fb93061a43.jpg]
[typhoonflux.tothong.com/index5344.html]
[typhoonflux.tothong.com/indexd11f.html]
[farm7.static.flickr.com/6091/6280825407_1ab1660441.jpg]
[typhoonflux.tothong.com/index80aa.html]
[farm7.static.flickr.com/6096/6280798117_8c21e00406.jpg]
[typhoonflux.tothong.com/index2ab8.html]
[typhoonflux.tothong.com/wp-content/uploads/2011/10/A9.jpg]
[typhoonflux.tothong.com/wp-content/uploads/2011/10/A11.jpg]
[typhoonflux.tothong.com/wp-content/uploads/2011/10/A12.jpg]
[typhoonflux.tothong.com/wp-content/uploads/2011/10/P1.jpg]
[typhoonflux.tothong.com/wp-content/uploads/2011/10/P2.jpg]
[typhoonflux.tothong.com/wp-content/uploads/2011/10/P4.jpg]
[typhoonflux.tothong.com/wp-content/uploads/2011/10/P6.30.jpg]
[typhoonflux.tothong.com/wp-content/uploads/2011/10/P9.jpg]
[typhoonflux.tothong.com/files/phase1timelapse.m4v]
[typhoonflux.tothong.com/files/phase1timelapse.ogg]
[typhoonflux.tothong.com/wp-content/uploads/2011/10/cropped-20111023-_DSC0023.jpg]
[typhoonflux.tothong.com/category/portfolio/feed/index.html]
[typhoonflux.tothong.com/category/portfolio/_http_/www.flickr.com/photos/61591647@N07/6280680399/_.c3.delayed]
[typhoonflux.tothong.com/category/portfolio/_http_/www.flickr.com/photos/61591647@N07/6280680399/_]
[typhoonflux.tothong.com/category/portfolio/_http_/www.flickr.com/photos/61591647@N07/6281210464/_]
[typhoonflux.tothong.com/category/portfolio/_http_/www.flickr.com/photos/61591647@N07/6281210464/_]
[typhoonflux.tothong.com/category/portfolio/_http_/www.flickr.com/photos/61591647@N07/6280829219/_]
[typhoonflux.tothong.com/category/portfolio/_http_/www.flickr.com/photos/61591647@N07/6280829219/_]
[typhoonflux.tothong.com/category/portfolio/_http_/www.flickr.com/photos/61591647@N07/6280825407/_]
[typhoonflux.tothong.com/category/portfolio/_http_/www.flickr.com/photos/61591647@N07/6280825407/_]
[typhoonflux.tothong.com/category/portfolio/_http_/www.flickr.com/photos/61591647@N07/6280798117/_]
[typhoonflux.tothong.com/category/portfolio/_http_/www.flickr.com/photos/61591647@N07/6280798117/_]
[typhoonflux.tothong.com/category/portfolio/index.html]
[s0.wp.com/wp-content/js/devicepx-jetpack3467.js]
[typhoonflux.tothong.com/category/portfolio/indexeecc.html]
[typhoonflux.tothong.com/category/portfolio/indexd11f.html]
[typhoonflux.tothong.com/category/portfolio/index2ab8.html]
[typhoonflux.tothong.com/ABCDEFGHIJKLMNOPQRSTUVWXYZabcdefghijklmnopqrstuvwxyz0123456789+/index.html]
[pixel.wp.com/g9818.gif]
[s.gravatar.com/js/gprofiles1554.js]
[typhoonflux.tothong.com/g.gif]
[typhoonflux.tothong.com/c.gif]
[stats.wp.com/e-201627.js]
[typhoonflux.tothong.com/wp-json/oembed/1.0/embed674d.html]
[typhoonflux.tothong.com/wp-json/oembed/1.0/embed752d.html]
[typhoonflux.tothong.com/phase-1-documentation/_http_/www.flickr.com/photos/61591647@N07/6280680399/_.html]
[typhoonflux.tothong.com/phase-1-documentation/_http_/www.flickr.com/photos/61591647@N07/6281210464/_.html]
[typhoonflux.tothong.com/phase-1-documentation/_http_/www.flickr.com/photos/61591647@N07/6280829219/_.html]
[typhoonflux.tothong.com/phase-1-documentation/_http_/www.flickr.com/photos/61591647@N07/6280825407/_.html]
[typhoonflux.tothong.com/phase-1-documentation/_http_/www.flickr.com/photos/61591647@N07/6280798117/_.html]
[typhoonflux.tothong.com/phase-1-documentation/indexeecc.html]
[typhoonflux.tothong.com/phase-1-documentation/indexd11f.html]
[typhoonflux.tothong.com/phase-1-documentation/index80aa.html]
[typhoonflux.tothong.com/phase-1-documentation/index2ab8.html]
[typhoonflux.tothong.com/wp-json/oembed/1.0/embed6fb2.html]
[typhoonflux.tothong.com/wp-json/oembed/1.0/embed1b42.html]
[typhoonflux.tothong.com/wp-json/oembed/1.0/embed92cb.html]
[typhoonflux.tothong.com/wp-json/oembed/1.0/embedfee2.html]
[typhoonflux.tothong.com/wp-content/uploads/2011/10/night.jpg]
[typhoonflux.tothong.com/wp-content/uploads/2011/10/two_way.jpg]
[typhoonflux.tothong.com/phase-1-documentation/index5344.html]
[typhoonflux.tothong.com/wp-content/uploads/2011/10/concept.jpg]
[typhoonflux.tothong.com/wp-content/uploads/2011/10/presentation_web.pdf]
[typhoonflux.tothong.com/wp-content/uploads/2011/10/iteration_3.jpg]
[typhoonflux.tothong.com/wp-content/uploads/2011/10/iteration_4_3-1024x796.jpg]
[typhoonflux.tothong.com/wp-json/oembed/1.0/embedc221.html]
[typhoonflux.tothong.com/wp-json/oembed/1.0/embed0129.html]
[typhoonflux.tothong.com/wp-content/uploads/2011/11/gameplay.jpg]
[typhoonflux.tothong.com/wp-json/oembed/1.0/embed1fec.html]
[typhoonflux.tothong.com/wp-json/oembed/1.0/embed0def.html]
[typhoonflux.tothong.com/phase-1/_http_/www.flickr.com/photos/61591647@N07/6280680399/_.html]
[typhoonflux.tothong.com/phase-1/_http_/www.flickr.com/photos/61591647@N07/6281210464/_.html]
[typhoonflux.tothong.com/phase-1/_http_/www.flickr.com/photos/61591647@N07/6280829219/_.html]
[typhoonflux.tothong.com/phase-1/_http_/www.flickr.com/photos/61591647@N07/6280825407/_.html]
[typhoonflux.tothong.com/phase-1/_http_/www.flickr.com/photos/61591647@N07/6280798117/_.html]
[typhoonflux.tothong.com/phase-1/indexeecc.html]
[typhoonflux.tothong.com/phase-1/index5344.html]
[typhoonflux.tothong.com/phase-1/indexd11f.html]
[typhoonflux.tothong.com/phase-1/index80aa.html]
[typhoonflux.tothong.com/phase-1/index2ab8.html]
[typhoonflux.tothong.com/author/admin/_http_/www.flickr.com/photos/61591647@N07/6280680399/_.html]
[typhoonflux.tothong.com/author/admin/_http_/www.flickr.com/photos/61591647@N07/6281210464/_.html]
[typhoonflux.tothong.com/author/admin/_http_/www.flickr.com/photos/61591647@N07/6280829219/_.html]
[typhoonflux.tothong.com/author/admin/_http_/www.flickr.com/photos/61591647@N07/6280825407/_.html]
[typhoonflux.tothong.com/author/admin/_http_/www.flickr.com/photos/61591647@N07/6280798117/_.html]
[typhoonflux.tothong.com/author/admin/indexeecc.html]
[typhoonflux.tothong.com/author/admin/indexd11f.html]
[typhoonflux.tothong.com/author/admin/index80aa.html]
[typhoonflux.tothong.com/author/admin/index2ab8.html]
[typhoonflux.tothong.com/index5344.html]
[typhoonflux.tothong.com/wp-content/uploads/2011/10/P6.30.jpg]
[typhoonflux.tothong.com/author/admin/index5344.html]
[typhoonflux.tothong.com/files/phase1timelapse.ogg]
[typhoonflux.tothong.com/category/portfolio/_http_/www.flickr.com/photos/61591647@N07/6280680399/_.html]
[typhoonflux.tothong.com/category/portfolio/_http_/www.flickr.com/photos/61591647@N07/6281210464/_.html]
[typhoonflux.tothong.com/category/portfolio/_http_/www.flickr.com/photos/61591647@N07/6280829219/_.html]
[typhoonflux.tothong.com/category/portfolio/_http_/www.flickr.com/photos/61591647@N07/6280825407/_.html]
[typhoonflux.tothong.com/category/portfolio/_http_/www.flickr.com/photos/61591647@N07/6280798117/_.html]
[typhoonflux.tothong.com/category/portfolio/indexeecc.html]
[typhoonflux.tothong.com/category/portfolio/index5344.html]
[typhoonflux.tothong.com/category/portfolio/indexd11f.html]
[typhoonflux.tothong.com/category/portfolio/index80aa.html]
[typhoonflux.tothong.com/category/portfolio/index2ab8.html]
[typhoonflux.tothong.com/ABCDEFGHIJKLMNOPQRSTUVWXYZabcdefghijklmnopqrstuvwxyz0123456789+/index.html]
[typhoonflux.tothong.com/g.html]
[typhoonflux.tothong.com/c.html]
[typhoonflux.tothong.com/phase-1-documentation/index5344.html]
[typhoonflux.tothong.com/phase-1/index5344.html]
[typhoonflux.tothong.com/author/admin/index5344.html]
[typhoonflux.tothong.com/category/portfolio/index5344.html]
[typhoonflux.tothong.com/category/portfolio/index80aa.html]
[typhoonflux.tothong.com/wp-content/uploads/2011/10/presentation_web.pdf]
[typhoonflux.tothong.com/wp-content/uploads/2011/10/iteration_3.jpg]
[typhoonflux.tothong.com/wp-content/uploads/2011/11/countdown.jpg]
